// Jest Snapshot v1, https://goo.gl/fbAQLP

exports[`MovieDetails renders correctly 1`] = `
<div
  className="movie-details"
>
  <div
    className="row"
  >
    <div
      className="col-4"
    >
      <img
        alt="The Gold Rush"
        className="img-responsive"
        src="https://image.tmdb.org/t/p/w500/eQRFo1qwRREYwj47Yoe1PisgOle.jpg"
      />
    </div>
    <div
      className="col-8"
    >
      <h2
        className="movie-details__title"
      >
        The Gold Rush
      </h2>
      <h4
        className="movie-details__tagline"
      >
        The World's Greatest Laughing Picture!
      </h4>
      <div>
        <span
          className="movie-details__date"
        >
          1925
        </span>
        <span
          className="movie-details__runtime"
        >
          95
           min
        </span>
      </div>
      <div
        className="movie-details__overview"
      >
        A lone prospector ventures into Alaska looking for gold. He gets mixed up with some burly characters and falls in love with the beautiful Georgia. He tries to win her heart with his singular charm.
      </div>
    </div>
  </div>
</div>
`;
